AutoDock Vina v1.2.3
#################################################################
# If you used AutoDock Vina in your work, please cite:          #
#                                                               #
# J. Eberhardt, D. Santos-Martins, A. F. Tillack, and S. Forli  #
# AutoDock Vina 1.2.0: New Docking Methods, Expanded Force      #
# Field, and Python Bindings, J. Chem. Inf. Model. (2021)       #
# DOI 10.1021/acs.jcim.1c00203                                  #
#                                                               #
# O. Trott, A. J. Olson,                                        #
# AutoDock Vina: improving the speed and accuracy of docking    #
# with a new scoring function, efficient optimization and       #
# multithreading, J. Comp. Chem. (2010)                         #
# DOI 10.1002/jcc.21334                                         #
#                                                               #
# Please see https://github.com/ccsb-scripps/AutoDock-Vina for  #
# more information.                                             #
#################################################################

Scoring function : vina
Rigid receptor: /content/aromatase-main/docking/receptor.pdbqt
Ligand: /content/outputs/docking/ligands_pdbqt/(2S)-5,7-dimethoxy-8-(3-methylbut-1,3-dienyl)flavanone.pdbqt
Grid center: X 83.36 Y 49.97 Z 46.5
Grid size  : X 24 Y 24 Z 24
Grid space : 0.375
Exhaustiveness: 8
CPU: 2
Verbosity: 1

Computing Vina grid ... done.
Performing docking (random seed: 866389341) ... 
0%   10   20   30   40   50   60   70   80   90   100%
|----|----|----|----|----|----|----|----|----|----|
***************************************************

mode |   affinity | dist from best mode
     | (kcal/mol) | rmsd l.b.| rmsd u.b.
-----+------------+----------+----------
   1        -8.75          0          0
   2       -8.486      1.677      6.076
   3       -8.446      4.315      5.433
   4       -8.415      1.351      2.018
   5       -8.355      4.606      7.743
   6       -8.199      4.564      7.066
   7       -8.124      3.753      5.448
   8       -8.094      3.388      6.604
   9       -8.018      2.089      6.944
