AutoDock Vina v1.2.3
#################################################################
# If you used AutoDock Vina in your work, please cite:          #
#                                                               #
# J. Eberhardt, D. Santos-Martins, A. F. Tillack, and S. Forli  #
# AutoDock Vina 1.2.0: New Docking Methods, Expanded Force      #
# Field, and Python Bindings, J. Chem. Inf. Model. (2021)       #
# DOI 10.1021/acs.jcim.1c00203                                  #
#                                                               #
# O. Trott, A. J. Olson,                                        #
# AutoDock Vina: improving the speed and accuracy of docking    #
# with a new scoring function, efficient optimization and       #
# multithreading, J. Comp. Chem. (2010)                         #
# DOI 10.1002/jcc.21334                                         #
#                                                               #
# Please see https://github.com/ccsb-scripps/AutoDock-Vina for  #
# more information.                                             #
#################################################################

Scoring function : vina
Rigid receptor: /content/aromatase-main/docking/receptor.pdbqt
Ligand: /content/outputs/docking/ligands_pdbqt/lawinal.pdbqt
Grid center: X 83.36 Y 49.97 Z 46.5
Grid size  : X 24 Y 24 Z 24
Grid space : 0.375
Exhaustiveness: 8
CPU: 2
Verbosity: 1

Computing Vina grid ... done.
Performing docking (random seed: 241585597) ... 
0%   10   20   30   40   50   60   70   80   90   100%
|----|----|----|----|----|----|----|----|----|----|
***************************************************

mode |   affinity | dist from best mode
     | (kcal/mol) | rmsd l.b.| rmsd u.b.
-----+------------+----------+----------
   1       -8.172          0          0
   2       -8.073      3.236      3.689
   3       -8.027      3.789      7.487
   4       -7.821      3.926       5.58
   5       -7.607      2.958      5.721
   6       -7.605      2.555       3.82
   7       -7.603       2.58      4.006
   8       -7.548      3.551      6.399
   9       -7.501      2.763      4.322
