AutoDock Vina v1.2.3
#################################################################
# If you used AutoDock Vina in your work, please cite:          #
#                                                               #
# J. Eberhardt, D. Santos-Martins, A. F. Tillack, and S. Forli  #
# AutoDock Vina 1.2.0: New Docking Methods, Expanded Force      #
# Field, and Python Bindings, J. Chem. Inf. Model. (2021)       #
# DOI 10.1021/acs.jcim.1c00203                                  #
#                                                               #
# O. Trott, A. J. Olson,                                        #
# AutoDock Vina: improving the speed and accuracy of docking    #
# with a new scoring function, efficient optimization and       #
# multithreading, J. Comp. Chem. (2010)                         #
# DOI 10.1002/jcc.21334                                         #
#                                                               #
# Please see https://github.com/ccsb-scripps/AutoDock-Vina for  #
# more information.                                             #
#################################################################

Scoring function : vina
Rigid receptor: /content/aromatase-main/docking/receptor.pdbqt
Ligand: /content/outputs/docking/ligands_pdbqt/sigmoidin.pdbqt
Grid center: X 83.36 Y 49.97 Z 46.5
Grid size  : X 24 Y 24 Z 24
Grid space : 0.375
Exhaustiveness: 8
CPU: 2
Verbosity: 1

Computing Vina grid ... done.
Performing docking (random seed: -786403835) ... 
0%   10   20   30   40   50   60   70   80   90   100%
|----|----|----|----|----|----|----|----|----|----|
***************************************************

mode |   affinity | dist from best mode
     | (kcal/mol) | rmsd l.b.| rmsd u.b.
-----+------------+----------+----------
   1       -9.804          0          0
   2       -9.652      2.512      4.131
   3       -9.433       1.59      3.599
   4       -9.356      3.074       8.85
   5       -9.355      2.838      5.728
   6       -9.345      3.501      8.425
   7       -9.318      3.836      6.483
   8       -9.237      2.858      5.812
   9       -9.169      2.252      8.373
