AutoDock Vina v1.2.3
#################################################################
# If you used AutoDock Vina in your work, please cite:          #
#                                                               #
# J. Eberhardt, D. Santos-Martins, A. F. Tillack, and S. Forli  #
# AutoDock Vina 1.2.0: New Docking Methods, Expanded Force      #
# Field, and Python Bindings, J. Chem. Inf. Model. (2021)       #
# DOI 10.1021/acs.jcim.1c00203                                  #
#                                                               #
# O. Trott, A. J. Olson,                                        #
# AutoDock Vina: improving the speed and accuracy of docking    #
# with a new scoring function, efficient optimization and       #
# multithreading, J. Comp. Chem. (2010)                         #
# DOI 10.1002/jcc.21334                                         #
#                                                               #
# Please see https://github.com/ccsb-scripps/AutoDock-Vina for  #
# more information.                                             #
#################################################################

Scoring function : vina
Rigid receptor: /content/aromatase-main/docking/receptor.pdbqt
Ligand: /content/outputs/docking/ligands_pdbqt/medicarpan.pdbqt
Grid center: X 83.36 Y 49.97 Z 46.5
Grid size  : X 24 Y 24 Z 24
Grid space : 0.375
Exhaustiveness: 8
CPU: 2
Verbosity: 1

Computing Vina grid ... done.
Performing docking (random seed: 701544977) ... 
0%   10   20   30   40   50   60   70   80   90   100%
|----|----|----|----|----|----|----|----|----|----|
***************************************************

mode |   affinity | dist from best mode
     | (kcal/mol) | rmsd l.b.| rmsd u.b.
-----+------------+----------+----------
   1       -7.786          0          0
   2       -7.733      5.458      6.548
   3       -7.703      6.937      10.16
   4       -7.694       5.01       8.88
   5       -7.672      6.481      9.098
   6       -7.582      5.747      7.155
   7       -7.557      2.585      4.051
   8       -7.537      6.535      7.394
   9       -7.354      6.706      8.238
