AutoDock Vina v1.2.3
#################################################################
# If you used AutoDock Vina in your work, please cite:          #
#                                                               #
# J. Eberhardt, D. Santos-Martins, A. F. Tillack, and S. Forli  #
# AutoDock Vina 1.2.0: New Docking Methods, Expanded Force      #
# Field, and Python Bindings, J. Chem. Inf. Model. (2021)       #
# DOI 10.1021/acs.jcim.1c00203                                  #
#                                                               #
# O. Trott, A. J. Olson,                                        #
# AutoDock Vina: improving the speed and accuracy of docking    #
# with a new scoring function, efficient optimization and       #
# multithreading, J. Comp. Chem. (2010)                         #
# DOI 10.1002/jcc.21334                                         #
#                                                               #
# Please see https://github.com/ccsb-scripps/AutoDock-Vina for  #
# more information.                                             #
#################################################################

Scoring function : vina
Rigid receptor: /content/aromatase-main/docking/receptor.pdbqt
Ligand: /content/outputs/docking/ligands_pdbqt/4'-O-methylsigmoidin.pdbqt
Grid center: X 83.36 Y 49.97 Z 46.5
Grid size  : X 24 Y 24 Z 24
Grid space : 0.375
Exhaustiveness: 8
CPU: 2
Verbosity: 1

Computing Vina grid ... done.
Performing docking (random seed: 1705627072) ... 
0%   10   20   30   40   50   60   70   80   90   100%
|----|----|----|----|----|----|----|----|----|----|
***************************************************

mode |   affinity | dist from best mode
     | (kcal/mol) | rmsd l.b.| rmsd u.b.
-----+------------+----------+----------
   1       -9.536          0          0
   2       -9.064      6.015      9.265
   3       -9.059      6.054      9.599
   4       -9.044      2.666      7.266
   5       -8.939      3.624      6.007
   6       -8.923      2.804      4.432
   7       -8.911      4.064      6.702
   8       -8.881      5.895      7.251
   9       -8.869       2.52      4.669
